// Jest Snapshot v1, https://goo.gl/fbAQLP

exports[`<ModelDefinition /> spec renders the component 1`] = `
<div
  style="padding: 10px 25px; background-color: rgb(255, 255, 255);"
>
  <div
    class="euiFlexGroup euiFlexGroup--gutterLarge euiFlexGroup--alignItemsCenter euiFlexGroup--justifyContentSpaceBetween euiFlexGroup--directionRow euiFlexGroup--responsive"
  >
    <div
      class="euiFlexItem"
    >
      <h3
        class="euiTitle euiTitle--small"
      >
        Model definitions
      </h3>
    </div>
    <div
      class="euiFlexItem euiFlexItem--flexGrowZero"
    >
      <div
        class="euiFlexGroup euiFlexGroup--gutterLarge euiFlexGroup--alignItemsCenter euiFlexGroup--justifyContentSpaceBetween euiFlexGroup--directionRow euiFlexGroup--responsive"
      >
        <div
          class="euiFlexItem"
        >
          <div
            class="euiFlexGroup euiFlexGroup--gutterLarge euiFlexGroup--alignItemsCenter euiFlexGroup--justifyContentSpaceBetween euiFlexGroup--directionRow euiFlexGroup--responsive"
          >
            <div
              class="euiFlexItem euiFlexItem--flexGrowZero"
            >
              <div
                class="euiPopover euiPopover--anchorDownLeft"
                id="actionsPopover"
              >
                <div
                  class="euiPopover__anchor"
                >
                  <button
                    class="euiButton euiButton--primary euiButton--iconRight"
                    data-test-subj="actionsButton"
                    type="button"
                  >
                    <span
                      class="euiButton__content"
                    >
                      <svg
                        aria-hidden="true"
                        class="euiIcon euiIcon--medium euiButton__icon"
                        focusable="false"
                        height="16"
                        viewBox="0 0 16 16"
                        width="16"
                        xmlns="http://www.w3.org/2000/svg"
                        xmlns:xlink="http://www.w3.org/1999/xlink"
                      >
                        <defs>
                          <path
                            d="M13.069 5.157L8.384 9.768a.546.546 0 0 1-.768 0L2.93 5.158a.552.552 0 0 0-.771 0 .53.53 0 0 0 0 .759l4.684 4.61c.641.631 1.672.63 2.312 0l4.684-4.61a.53.53 0 0 0 0-.76.552.552 0 0 0-.771 0z"
                            id="arrow_down-a"
                          />
                        </defs>
                        <use
                          fill-rule="nonzero"
                          xlink:href="#arrow_down-a"
                        />
                      </svg>
                      <span
                        class="euiButton__text"
                      >
                        Actions
                      </span>
                    </span>
                  </button>
                </div>
              </div>
            </div>
            <div
              class="euiFlexItem euiFlexItem--flexGrowZero"
            >
              <button
                class="euiButton euiButton--primary"
                data-test-subj="adjustModel"
                type="button"
              >
                <span
                  class="euiButton__content"
                >
                  <span
                    class="euiButton__text"
                  >
                    Adjust model
                  </span>
                </span>
              </button>
            </div>
            <div
              class="euiFlexItem euiFlexItem--flexGrowZero"
            >
              <button
                class="euiButton euiButton--primary euiButton--fill"
                data-test-subj="createButton"
                type="button"
              >
                <span
                  class="euiButton__content"
                >
                  <span
                    class="euiButton__text"
                  >
                    Add feature
                  </span>
                </span>
              </button>
            </div>
          </div>
        </div>
      </div>
    </div>
  </div>
</div>
`;
